Circuit: * D:\OneDrive - ENKO Elektronik\Projects\DEIF Charger\90-150W\Tests\Leakage\150W leakeage\after\150W-Leakeage-Model.asc

C3: both pins shorted together -- ignoring.
C37: both pins shorted together -- ignoring.
C36: both pins shorted together -- ignoring.
C40: both pins shorted together -- ignoring.
C42: both pins shorted together -- ignoring.
C33: both pins shorted together -- ignoring.
C34: both pins shorted together -- ignoring.
C72: both pins shorted together -- ignoring.
WARNING: Node NC_01 is floating.
WARNING: Node NC_02 is floating.
WARNING: Node NC_03 is floating.
WARNING: Node NC_04 is floating.
WARNING: Node NC_05 is floating.
WARNING: Node NC_06 is floating.
WARNING: Node N005 is floating.
WARNING: Node NC_07 is floating.
WARNING: Node NC_08 is floating.

WARNING: Less than two connections to node NC_01.  This node is used by C1.
WARNING: Less than two connections to node NC_02.  This node is used by C1.
WARNING: Less than two connections to node NC_03.  This node is used by C2.
WARNING: Less than two connections to node NC_04.  This node is used by C2.
WARNING: Less than two connections to node NC_05.  This node is used by C82.
WARNING: Less than two connections to node NC_06.  This node is used by C82.
WARNING: Less than two connections to node NC_07.  This node is used by C27.
WARNING: Less than two connections to node NC_08.  This node is used by C27.
.OP point found by inspection.

Date: Tue Mar 07 17:50:33 2023
Total elapsed time: 5.150 seconds.

tnom = 27
temp = 27
method = modified trap
totiter = 200066
traniter = 200066
tranpoints = 100034
accept = 100033
rejected = 1
matrix size = 19
fillins = 8
solver = Normal
Thread vector: 1.7/1.3[2] 1.2/1.0[2] 0.2/0.5[1] 0.1/0.3[1]  2592/500
Matrix Compiler1: 1.37 KB object code size  0.3/0.2/[0.2]
Matrix Compiler2: 1.48 KB object code size  0.2/0.2/[0.1]

