Circuit: * D:\OneDrive - ENKO Elektronik\Projects\DEIF Charger\90-150W\Tests\90W leakeage\90W-Leakeage-Model.asc

C3: both pins shorted together -- ignoring.
C37: both pins shorted together -- ignoring.
C36: both pins shorted together -- ignoring.
C40: both pins shorted together -- ignoring.
C42: both pins shorted together -- ignoring.
WARNING: Node N005 is floating.

.OP point found by inspection.

Date: Mon Oct 31 18:36:18 2022
Total elapsed time: 3.504 seconds.

tnom = 27
temp = 27
method = modified trap
totiter = 200056
traniter = 200056
tranpoints = 100029
accept = 100029
rejected = 0
matrix size = 11
fillins = 8
solver = Normal
Matrix Compiler1: 1.04 KB object code size  0.2/0.1/[0.1]
Matrix Compiler2: 1.01 KB object code size  0.1/0.2/[0.1]

